2026-07-22 23:00:30,992 - INFO - {'tensorflow': '2.15.1', 'sklearn': '1.8.0', 'python': '3.11.15', 'platform': 'Linux-5.15.153.1-microsoft-standard-WSL2-x86_64-with-glibc2.39'}
2026-07-22 23:00:30,992 - INFO - Loading datasets
2026-07-22 23:00:31,110 - INFO - Loading lift + top-k rules
2026-07-22 23:00:31,110 - INFO - [0] lift >= 1.16
2026-07-22 23:00:31,110 - INFO - [0] top-k = 3
2026-07-22 23:00:31,144 - INFO - [0] loaded rules: 47
2026-07-22 23:00:31,144 - INFO - [0] rules after lift: 3
2026-07-22 23:00:31,144 - INFO - [0] top-k selected: 3
2026-07-22 23:00:31,144 - INFO - [0] kept rules: 3
2026-07-22 23:00:31,145 - INFO - [1] lift >= 1.23
2026-07-22 23:00:31,145 - INFO - [1] top-k = 3
2026-07-22 23:00:31,154 - INFO - [1] loaded rules: 30
2026-07-22 23:00:31,154 - INFO - [1] rules after lift: 3
2026-07-22 23:00:31,154 - INFO - [1] top-k selected: 3
2026-07-22 23:00:31,154 - INFO - [1] kept rules: 3
2026-07-22 23:00:31,156 - INFO - TOTAL RULES: 6
2026-07-22 23:00:31,156 - INFO - Total merged rules: 6
2026-07-22 23:00:31,183 - INFO - Starting grid search
2026-07-23 03:42:17,124 - INFO - Grid search completed
2026-07-23 03:42:17,125 - INFO - Best params: {'lr': 0.001, 'dropout': 0.0, 'units': [64, 64, 64], 'trainable_embeddings': False, 'embedding_size': 8, 'num_embedding_columns': 47, 'category_max_one_hot_size': 7, 'category_embedding_size': 8, 'batch_size': 128}
2026-07-23 03:42:17,125 - INFO - Starting final training
2026-07-23 04:12:10,723 - INFO - Training completed
2026-07-23 04:12:10,936 - INFO - Total execution time: 18699.54 seconds
2026-07-23 04:12:10,937 - INFO - {'lr': 0.001, 'dropout': 0.0, 'units': [64, 64, 64], 'trainable_embeddings': False, 'embedding_size': 8, 'num_embedding_columns': 47, 'category_max_one_hot_size': 7, 'category_embedding_size': 8, 'batch_size': 128}
2026-07-23 04:12:10,937 - INFO - {'cv_mean_score': 0.8081973646626328, 'cv_std_score': 0.009520761746661064, 'scores_per_fold': [0.7952426346865568, 0.8114969025958668, 0.8178525567054749], 'grid_search_time_sec': 16905.9413, 'final_training_time_sec': 1793.5987, 'total_execution_time_sec': 18699.539999999997}
