2026-07-23 06:28:55,034 - INFO - {'tensorflow': '2.15.1', 'sklearn': '1.8.0', 'python': '3.11.15', 'platform': 'Linux-5.15.153.1-microsoft-standard-WSL2-x86_64-with-glibc2.39'}
2026-07-23 06:28:55,034 - INFO - Loading datasets
2026-07-23 06:28:55,070 - INFO - Loading lift + top-k rules
2026-07-23 06:28:55,070 - INFO - [Good] lift >= 1.08
2026-07-23 06:28:55,070 - INFO - [Good] top-k = 5
2026-07-23 06:28:55,078 - INFO - [Good] loaded rules: 491
2026-07-23 06:28:55,078 - INFO - [Good] rules after lift: 5
2026-07-23 06:28:55,078 - INFO - [Good] top-k selected: 5
2026-07-23 06:28:55,078 - INFO - [Good] kept rules: 5
2026-07-23 06:28:55,078 - INFO - [Hazardous] lift >= 1.0
2026-07-23 06:28:55,078 - INFO - [Hazardous] top-k = 5
2026-07-23 06:28:55,089 - INFO - [Hazardous] loaded rules: 151
2026-07-23 06:28:55,089 - INFO - [Hazardous] rules after lift: 5
2026-07-23 06:28:55,089 - INFO - [Hazardous] top-k selected: 5
2026-07-23 06:28:55,089 - INFO - [Hazardous] kept rules: 5
2026-07-23 06:28:55,089 - INFO - [Moderate] lift >= 1.0
2026-07-23 06:28:55,089 - INFO - [Moderate] top-k = 5
2026-07-23 06:28:55,094 - INFO - [Moderate] loaded rules: 85
2026-07-23 06:28:55,094 - INFO - [Moderate] rules after lift: 5
2026-07-23 06:28:55,094 - INFO - [Moderate] top-k selected: 5
2026-07-23 06:28:55,094 - INFO - [Moderate] kept rules: 5
2026-07-23 06:28:55,095 - INFO - [Poor] lift >= 1.07
2026-07-23 06:28:55,095 - INFO - [Poor] top-k = 36
2026-07-23 06:28:55,097 - INFO - [Poor] loaded rules: 50
2026-07-23 06:28:55,097 - INFO - [Poor] rules after lift: 2
2026-07-23 06:28:55,097 - INFO - [Poor] top-k selected: 2
2026-07-23 06:28:55,097 - INFO - [Poor] kept rules: 2
2026-07-23 06:28:55,098 - INFO - TOTAL RULES: 17
2026-07-23 06:28:55,098 - INFO - Total merged rules: 17
2026-07-23 06:28:55,126 - INFO - Starting grid search
2026-07-23 07:31:42,774 - INFO - Grid search completed
2026-07-23 07:31:42,774 - INFO - Best params: {'lr': 0.001, 'dropout': 0.0, 'units': [64, 64, 64], 'trainable_embeddings': False, 'embedding_size': 4, 'num_embedding_columns': 49, 'category_max_one_hot_size': 7, 'category_embedding_size': 4, 'batch_size': 128}
2026-07-23 07:31:42,774 - INFO - Starting final training
2026-07-23 07:37:05,611 - INFO - Training completed
2026-07-23 07:37:05,846 - INFO - Total execution time: 4090.48 seconds
2026-07-23 07:37:05,847 - INFO - {'lr': 0.001, 'dropout': 0.0, 'units': [64, 64, 64], 'trainable_embeddings': False, 'embedding_size': 4, 'num_embedding_columns': 49, 'category_max_one_hot_size': 7, 'category_embedding_size': 4, 'batch_size': 128}
2026-07-23 07:37:05,847 - INFO - {'cv_mean_score': 0.9940334657828013, 'cv_std_score': 0.0021594629888585137, 'scores_per_fold': [0.9948558211326599, 0.991075187921524, 0.99616938829422], 'grid_search_time_sec': 3767.6476, 'final_training_time_sec': 322.8369, 'total_execution_time_sec': 4090.4844999999996}
