2026-09-04 11:47:07,165 - INFO - {'tensorflow': '2.15.1', 'sklearn': '1.8.0', 'python': '3.11.15', 'platform': 'Linux-5.15.153.1-microsoft-standard-WSL2-x86_64-with-glibc2.39'}
2026-09-04 11:47:07,166 - INFO - Results directory: results/NPHA/Split_TopK/run_2026_09_04_11_47_07
2026-09-04 11:47:07,166 - INFO - Loading datasets
2026-09-04 11:47:07,174 - INFO - Loading split top k rules
2026-09-04 11:47:07,174 - INFO - [1] loading rules @ accuracy >= 0.71
2026-09-04 11:47:11,691 - INFO - [1] total rules: 1028
2026-09-04 11:47:11,691 - INFO - [1] top-k selected: 1028
2026-09-04 11:47:11,691 - INFO - [1] kept rules: 1028
2026-09-04 11:47:11,691 - INFO - [2] loading rules @ accuracy >= 0.53
2026-09-04 11:47:15,485 - INFO - [2] total rules: 991
2026-09-04 11:47:15,485 - INFO - [2] top-k selected: 991
2026-09-04 11:47:15,485 - INFO - [2] kept rules: 991
2026-09-04 11:47:15,485 - INFO - [3] loading rules @ accuracy >= 0.62
2026-09-04 11:47:18,582 - INFO - [3] total rules: 973
2026-09-04 11:47:18,582 - INFO - [3] top-k selected: 973
2026-09-04 11:47:18,582 - INFO - [3] kept rules: 973
2026-09-04 11:47:18,583 - INFO - TOTAL RULES: 2992
2026-09-04 11:47:18,583 - INFO - Total merged rules: 2992
2026-09-04 11:47:22,491 - INFO - Starting grid search
2026-09-04 12:09:12,382 - INFO - Grid search completed
2026-09-04 12:09:12,383 - INFO - Best params: {'lr': 0.001, 'dropout': 0.1, 'units': [128, 128, 128], 'trainable_embeddings': False, 'embedding_size': 4, 'num_embedding_columns': 52, 'category_max_one_hot_size': 7, 'category_embedding_size': 4, 'batch_size': 128}
2026-09-04 12:09:12,383 - INFO - Starting final training
2026-09-04 12:09:29,506 - INFO - Training completed
2026-09-04 12:09:29,750 - INFO - Total execution time: 1327.01 seconds
2026-09-04 12:09:29,750 - INFO - {'lr': 0.001, 'dropout': 0.1, 'units': [128, 128, 128], 'trainable_embeddings': False, 'embedding_size': 4, 'num_embedding_columns': 52, 'category_max_one_hot_size': 7, 'category_embedding_size': 4, 'batch_size': 128}
2026-09-04 12:09:29,750 - INFO - {'cv_mean_score': 0.6876868406931559, 'cv_std_score': 0.009963008061208447, 'scores_per_fold': [0.6855757236480713, 0.6766780018806458, 0.7008067965507507], 'grid_search_time_sec': 1309.8913, 'final_training_time_sec': 17.1227, 'total_execution_time_sec': 1327.014}
