2026-07-24 21:22:27,326 - INFO - {'tensorflow': '2.15.1', 'sklearn': '1.8.0', 'python': '3.11.15', 'platform': 'Linux-5.15.153.1-microsoft-standard-WSL2-x86_64-with-glibc2.39'}
2026-07-24 21:22:27,326 - INFO - Loading datasets
2026-07-24 21:22:28,815 - INFO - Loading lift + top-k rules
2026-07-24 21:22:28,815 - INFO - [diabet] lift >= 1.04
2026-07-24 21:22:28,815 - INFO - [diabet] top-k = 882
2026-07-24 21:22:29,266 - INFO - [diabet] loaded rules: 3281
2026-07-24 21:22:29,266 - INFO - [diabet] rules after lift: 143
2026-07-24 21:22:29,266 - INFO - [diabet] top-k selected: 143
2026-07-24 21:22:29,266 - INFO - [diabet] kept rules: 143
2026-07-24 21:22:29,267 - INFO - [no_diabet] lift >= 1.06
2026-07-24 21:22:29,267 - INFO - [no_diabet] top-k = 392
2026-07-24 21:22:30,675 - INFO - [no_diabet] loaded rules: 10114
2026-07-24 21:22:30,675 - INFO - [no_diabet] rules after lift: 392
2026-07-24 21:22:30,675 - INFO - [no_diabet] top-k selected: 392
2026-07-24 21:22:30,675 - INFO - [no_diabet] kept rules: 392
2026-07-24 21:22:30,675 - INFO - [pre_diabet] lift >= 1.05
2026-07-24 21:22:30,675 - INFO - [pre_diabet] top-k = 653
2026-07-24 21:22:30,854 - INFO - [pre_diabet] loaded rules: 3675
2026-07-24 21:22:30,854 - INFO - [pre_diabet] rules after lift: 49
2026-07-24 21:22:30,854 - INFO - [pre_diabet] top-k selected: 49
2026-07-24 21:22:30,854 - INFO - [pre_diabet] kept rules: 49
2026-07-24 21:22:30,857 - INFO - TOTAL RULES: 584
2026-07-24 21:22:30,858 - INFO - Total merged rules: 584
2026-07-24 21:24:09,404 - INFO - Starting grid search
