2026-07-29 20:03:44,005 - INFO - {'tensorflow': '2.15.1', 'sklearn': '1.8.0', 'python': '3.11.15', 'platform': 'Linux-6.6.87.2-microsoft-standard-WSL2-x86_64-with-glibc2.39'}
2026-07-29 20:03:44,005 - INFO - Loading datasets
2026-07-29 20:03:44,823 - INFO - Loading lift + top-k rules
2026-07-29 20:03:44,824 - INFO - [diabet] lift >= 1.04
2026-07-29 20:03:44,824 - INFO - [diabet] top-k = 882
2026-07-29 20:03:45,052 - INFO - [diabet] loaded rules: 3281
2026-07-29 20:03:45,052 - INFO - [diabet] rules after lift: 143
2026-07-29 20:03:45,052 - INFO - [diabet] top-k selected: 143
2026-07-29 20:03:45,052 - INFO - [diabet] kept rules: 143
2026-07-29 20:03:45,052 - INFO - [no_diabet] lift >= 1.06
2026-07-29 20:03:45,052 - INFO - [no_diabet] top-k = 392
2026-07-29 20:03:45,701 - INFO - [no_diabet] loaded rules: 10114
2026-07-29 20:03:45,702 - INFO - [no_diabet] rules after lift: 392
2026-07-29 20:03:45,702 - INFO - [no_diabet] top-k selected: 392
2026-07-29 20:03:45,702 - INFO - [no_diabet] kept rules: 392
2026-07-29 20:03:45,702 - INFO - [pre_diabet] lift >= 1.05
2026-07-29 20:03:45,702 - INFO - [pre_diabet] top-k = 653
2026-07-29 20:03:45,794 - INFO - [pre_diabet] loaded rules: 3675
2026-07-29 20:03:45,794 - INFO - [pre_diabet] rules after lift: 49
2026-07-29 20:03:45,794 - INFO - [pre_diabet] top-k selected: 49
2026-07-29 20:03:45,794 - INFO - [pre_diabet] kept rules: 49
2026-07-29 20:03:45,794 - INFO - TOTAL RULES: 584
2026-07-29 20:03:45,795 - INFO - Total merged rules: 584
2026-07-29 20:05:20,073 - INFO - Starting grid search
2026-07-31 17:55:32,342 - INFO - Grid search completed
2026-07-31 17:55:32,343 - INFO - Best params: {'lr': 0.0003, 'dropout': 0.1, 'units': [64, 64, 64], 'trainable_embeddings': True, 'embedding_size': 4, 'num_embedding_columns': 59, 'category_max_one_hot_size': 7, 'category_embedding_size': 4, 'batch_size': 128}
2026-07-31 17:55:32,343 - INFO - Starting final training
2026-07-31 22:40:02,133 - INFO - Training completed
2026-07-31 22:40:02,373 - INFO - Total execution time: 182082.06 seconds
2026-07-31 22:40:02,373 - INFO - {'lr': 0.0003, 'dropout': 0.1, 'units': [64, 64, 64], 'trainable_embeddings': True, 'embedding_size': 4, 'num_embedding_columns': 59, 'category_max_one_hot_size': 7, 'category_embedding_size': 4, 'batch_size': 128}
2026-07-31 22:40:02,373 - INFO - {'cv_mean_score': 0.9718098575810353, 'cv_std_score': 0.00030303056947402195, 'scores_per_fold': [0.9717990296432771, 0.9714442548981632, 0.9721862882016653], 'grid_search_time_sec': 165012.2691, 'final_training_time_sec': 17069.7904, 'total_execution_time_sec': 182082.0595}
