2026-07-09 09:51:05,511 - INFO - {'tensorflow': '2.15.1', 'sklearn': '1.8.0', 'python': '3.11.15', 'platform': 'Linux-6.6.87.2-microsoft-standard-WSL2-x86_64-with-glibc2.39'}
2026-07-09 09:51:05,511 - INFO - Loading datasets
2026-07-09 09:51:05,784 - INFO - Loading split top-k rules
2026-07-09 09:51:05,785 - INFO - [No] loading rules @ accuracy >= 0.59
2026-07-09 09:51:05,964 - INFO - [No] total rules: 166
2026-07-09 09:51:05,964 - INFO - [No] top-k selected: 166
2026-07-09 09:51:05,964 - INFO - [No] kept rules: 166
2026-07-09 09:51:05,964 - INFO - [Yes] loading rules @ accuracy >= 0.6
2026-07-09 09:51:06,219 - INFO - [Yes] total rules: 67
2026-07-09 09:51:06,219 - INFO - [Yes] top-k selected: 67
2026-07-09 09:51:06,219 - INFO - [Yes] kept rules: 67
2026-07-09 09:51:06,219 - INFO - TOTAL RULES: 233
2026-07-09 09:51:06,220 - INFO - Total merged rules: 233
2026-07-09 09:51:07,841 - INFO - Starting grid search
2026-07-09 19:03:18,704 - INFO - Grid search completed
2026-07-09 19:03:18,705 - INFO - Best params: {'lr': 0.001, 'dropout': 0.1, 'units': [256, 256, 256], 'trainable_embeddings': False, 'embedding_size': 4, 'num_embedding_columns': 112, 'category_max_one_hot_size': 7, 'category_embedding_size': 8, 'batch_size': 128}
2026-07-09 19:03:18,705 - INFO - Starting final training
2026-07-09 20:01:39,090 - INFO - Training completed
2026-07-09 20:01:39,328 - INFO - Total execution time: 36631.25 seconds
2026-07-09 20:01:39,328 - INFO - {'lr': 0.001, 'dropout': 0.1, 'units': [256, 256, 256], 'trainable_embeddings': False, 'embedding_size': 4, 'num_embedding_columns': 112, 'category_max_one_hot_size': 7, 'category_embedding_size': 8, 'batch_size': 128}
2026-07-09 20:01:39,328 - INFO - {'cv_mean_score': 0.9781833396238439, 'cv_std_score': 0.00040072089653855154, 'scores_per_fold': [0.9784128069877625, 0.9785173535346985, 0.9776198583490708], 'grid_search_time_sec': 33130.8628, 'final_training_time_sec': 3500.3852, 'total_execution_time_sec': 36631.248}
