2026-07-15 09:45:29,202 - INFO - {'tensorflow': '2.15.1', 'sklearn': '1.8.0', 'python': '3.11.15', 'platform': 'Linux-6.6.87.2-microsoft-standard-WSL2-x86_64-with-glibc2.39'}
2026-07-15 09:45:29,202 - INFO - Loading datasets
2026-07-15 09:45:29,408 - INFO - Loading lift + top-k rules
2026-07-15 09:45:29,408 - INFO - [gt_50k_No] lift >= 2.44
2026-07-15 09:45:29,408 - INFO - [gt_50k_No] top-k = 461
2026-07-15 09:45:29,727 - INFO - [gt_50k_No] loaded rules: 3315
2026-07-15 09:45:29,727 - INFO - [gt_50k_No] rules after lift: 461
2026-07-15 09:45:29,727 - INFO - [gt_50k_No] top-k selected: 461
2026-07-15 09:45:29,727 - INFO - [gt_50k_No] kept rules: 461
2026-07-15 09:45:29,727 - INFO - [gt_50k_Yes] lift >= 1.26
2026-07-15 09:45:29,727 - INFO - [gt_50k_Yes] top-k = 1492
2026-07-15 09:45:30,013 - INFO - [gt_50k_Yes] loaded rules: 4825
2026-07-15 09:45:30,013 - INFO - [gt_50k_Yes] rules after lift: 614
2026-07-15 09:45:30,013 - INFO - [gt_50k_Yes] top-k selected: 614
2026-07-15 09:45:30,013 - INFO - [gt_50k_Yes] kept rules: 614
2026-07-15 09:45:30,013 - INFO - TOTAL RULES: 1075
2026-07-15 09:45:30,014 - INFO - Total merged rules: 1075
2026-07-15 09:45:31,207 - INFO - Starting grid search
2026-07-15 15:11:25,818 - INFO - Grid search completed
2026-07-15 15:11:25,819 - INFO - Best params: {'lr': 0.001, 'dropout': 0.1, 'units': [64, 64, 64], 'trainable_embeddings': True, 'embedding_size': 8, 'num_embedding_columns': 142, 'category_max_one_hot_size': 7, 'category_embedding_size': 4, 'batch_size': 128}
2026-07-15 15:11:25,819 - INFO - Starting final training
2026-07-15 15:44:33,610 - INFO - Training completed
2026-07-15 15:44:33,848 - INFO - Total execution time: 21542.40 seconds
2026-07-15 15:44:33,848 - INFO - {'lr': 0.001, 'dropout': 0.1, 'units': [64, 64, 64], 'trainable_embeddings': True, 'embedding_size': 8, 'num_embedding_columns': 142, 'category_max_one_hot_size': 7, 'category_embedding_size': 4, 'batch_size': 128}
2026-07-15 15:44:33,849 - INFO - {'cv_mean_score': 0.9057721714178721, 'cv_std_score': 0.0010470016948339648, 'scores_per_fold': [0.9043595671653748, 0.9060941159725189, 0.9068628311157226], 'grid_search_time_sec': 19554.611, 'final_training_time_sec': 1987.7909, 'total_execution_time_sec': 21542.4019}
