2026-07-24 16:09:53,928 - INFO - {'tensorflow': '2.15.1', 'sklearn': '1.8.0', 'python': '3.11.15', 'platform': 'Linux-6.6.87.2-microsoft-standard-WSL2-x86_64-with-glibc2.39'}
2026-07-24 16:09:53,929 - INFO - Loading datasets
2026-07-24 16:09:54,629 - INFO - Loading split top-k rules
2026-07-24 16:09:54,629 - INFO - [diabet] loading rules @ accuracy >= 0.55
2026-07-24 16:09:59,688 - INFO - [diabet] total rules: 882
2026-07-24 16:09:59,688 - INFO - [diabet] top-k selected: 882
2026-07-24 16:09:59,688 - INFO - [diabet] kept rules: 882
2026-07-24 16:09:59,688 - INFO - [no_diabet] loading rules @ accuracy >= 0.8
2026-07-24 16:10:18,733 - INFO - [no_diabet] total rules: 392
2026-07-24 16:10:18,734 - INFO - [no_diabet] top-k selected: 392
2026-07-24 16:10:18,734 - INFO - [no_diabet] kept rules: 392
2026-07-24 16:10:18,734 - INFO - [pre_diabet] loading rules @ accuracy >= 0.49
2026-07-24 16:10:24,524 - INFO - [pre_diabet] total rules: 653
2026-07-24 16:10:24,524 - INFO - [pre_diabet] top-k selected: 653
2026-07-24 16:10:24,524 - INFO - [pre_diabet] kept rules: 653
2026-07-24 16:10:24,525 - INFO - TOTAL RULES: 1927
2026-07-24 16:10:24,525 - INFO - Total merged rules: 1927
2026-07-24 16:10:58,366 - INFO - Starting grid search
2026-07-26 14:29:08,731 - INFO - Grid search completed
2026-07-26 14:29:08,731 - INFO - Best params: {'lr': 0.0003, 'dropout': 0.1, 'units': [128, 128, 128], 'trainable_embeddings': False, 'embedding_size': 4, 'num_embedding_columns': 59, 'category_max_one_hot_size': 7, 'category_embedding_size': 4, 'batch_size': 128}
2026-07-26 14:29:08,731 - INFO - Starting final training
2026-07-26 19:21:05,168 - INFO - Training completed
2026-07-26 19:21:05,372 - INFO - Total execution time: 184206.80 seconds
2026-07-26 19:21:05,372 - INFO - {'lr': 0.0003, 'dropout': 0.1, 'units': [128, 128, 128], 'trainable_embeddings': False, 'embedding_size': 4, 'num_embedding_columns': 59, 'category_max_one_hot_size': 7, 'category_embedding_size': 4, 'batch_size': 128}
2026-07-26 19:21:05,372 - INFO - {'cv_mean_score': 0.9650617823543319, 'cv_std_score': 0.0005760158431149014, 'scores_per_fold': [0.9648854351905455, 0.9644612124167293, 0.9658386994557209], 'grid_search_time_sec': 166690.3648, 'final_training_time_sec': 17516.4363, 'total_execution_time_sec': 184206.8011}
