2026-06-28 12:49:31,216 - INFO - {'tensorflow': '2.15.1', 'sklearn': '1.8.0', 'python': '3.11.15', 'platform': 'Linux-5.15.153.1-microsoft-standard-WSL2-x86_64-with-glibc2.39'}
2026-06-28 12:49:31,216 - INFO - Loading datasets
2026-06-28 12:49:31,348 - INFO - Loading split top-k rules
2026-06-28 12:49:31,348 - INFO - [0] loading rules @ accuracy >= 0.72
2026-06-28 12:49:31,365 - INFO - [0] total rules: 3
2026-06-28 12:49:31,366 - INFO - [0] top-k selected: 3
2026-06-28 12:49:31,366 - INFO - [0] kept rules: 3
2026-06-28 12:49:31,366 - INFO - [1] loading rules @ accuracy >= 0.5
2026-06-28 12:49:31,373 - INFO - [1] total rules: 3
2026-06-28 12:49:31,374 - INFO - [1] top-k selected: 3
2026-06-28 12:49:31,374 - INFO - [1] kept rules: 3
2026-06-28 12:49:31,374 - INFO - TOTAL RULES: 6
2026-06-28 12:49:31,374 - INFO - Total merged rules: 6
2026-06-28 12:49:31,404 - INFO - Starting grid search
2026-06-28 17:35:35,612 - INFO - Grid search completed
2026-06-28 17:35:35,613 - INFO - Best params: {'lr': 0.001, 'dropout': 0.0, 'units': [256, 256, 256], 'trainable_embeddings': True, 'embedding_size': 4, 'num_embedding_columns': 47, 'category_max_one_hot_size': 7, 'category_embedding_size': 4, 'batch_size': 128}
2026-06-28 17:35:35,613 - INFO - Starting final training
2026-06-28 18:04:02,484 - INFO - Training completed
2026-06-28 18:04:02,708 - INFO - Total execution time: 18871.08 seconds
2026-06-28 18:04:02,709 - INFO - {'lr': 0.001, 'dropout': 0.0, 'units': [256, 256, 256], 'trainable_embeddings': True, 'embedding_size': 4, 'num_embedding_columns': 47, 'category_max_one_hot_size': 7, 'category_embedding_size': 4, 'batch_size': 128}
2026-06-28 18:04:02,709 - INFO - {'cv_mean_score': 0.98211443604845, 'cv_std_score': 0.002012019287106508, 'scores_per_fold': [0.9793084859848022, 0.9831083687868986, 0.9839264533736489], 'grid_search_time_sec': 17164.2085, 'final_training_time_sec': 1706.8709, 'total_execution_time_sec': 18871.079400000002}
