2026-07-23 04:33:42,931 - INFO - {'tensorflow': '2.15.1', 'sklearn': '1.8.0', 'python': '3.11.15', 'platform': 'Linux-5.15.153.1-microsoft-standard-WSL2-x86_64-with-glibc2.39'}
2026-07-23 04:33:42,931 - INFO - Loading datasets
2026-07-23 04:33:43,032 - INFO - Loading lift + top-k rules
2026-07-23 04:33:43,032 - INFO - [High] lift >= 1.01
2026-07-23 04:33:43,032 - INFO - [High] top-k = 4
2026-07-23 04:33:43,038 - INFO - [High] loaded rules: 72
2026-07-23 04:33:43,038 - INFO - [High] rules after lift: 4
2026-07-23 04:33:43,038 - INFO - [High] top-k selected: 4
2026-07-23 04:33:43,038 - INFO - [High] kept rules: 4
2026-07-23 04:33:43,039 - INFO - [Low] lift >= 1.01
2026-07-23 04:33:43,039 - INFO - [Low] top-k = 9
2026-07-23 04:33:43,042 - INFO - [Low] loaded rules: 24
2026-07-23 04:33:43,042 - INFO - [Low] rules after lift: 0
2026-07-23 04:33:43,042 - INFO - [Low] top-k selected: 1
2026-07-23 04:33:43,042 - INFO - [Low] kept rules: 0
2026-07-23 04:33:43,042 - INFO - [Medium] lift >= 1.01
2026-07-23 04:33:43,042 - INFO - [Medium] top-k = 17
2026-07-23 04:33:43,044 - INFO - [Medium] loaded rules: 28
2026-07-23 04:33:43,044 - INFO - [Medium] rules after lift: 0
2026-07-23 04:33:43,044 - INFO - [Medium] top-k selected: 1
2026-07-23 04:33:43,044 - INFO - [Medium] kept rules: 0
2026-07-23 04:33:43,044 - INFO - TOTAL RULES: 4
2026-07-23 04:33:43,044 - INFO - Total merged rules: 4
2026-07-23 04:33:43,059 - INFO - Starting grid search
2026-07-23 06:18:31,324 - INFO - Grid search completed
2026-07-23 06:18:31,325 - INFO - Best params: {'lr': 0.001, 'dropout': 0.1, 'units': [128, 128, 128], 'trainable_embeddings': False, 'embedding_size': 4, 'num_embedding_columns': 112, 'category_max_one_hot_size': 7, 'category_embedding_size': 4, 'batch_size': 128}
2026-07-23 06:18:31,325 - INFO - Starting final training
2026-07-23 06:27:56,668 - INFO - Training completed
2026-07-23 06:27:56,894 - INFO - Total execution time: 6853.61 seconds
2026-07-23 06:27:56,894 - INFO - {'lr': 0.001, 'dropout': 0.1, 'units': [128, 128, 128], 'trainable_embeddings': False, 'embedding_size': 4, 'num_embedding_columns': 112, 'category_max_one_hot_size': 7, 'category_embedding_size': 4, 'batch_size': 128}
2026-07-23 06:27:56,894 - INFO - {'cv_mean_score': 0.9595631410678228, 'cv_std_score': 0.0008597338069934797, 'scores_per_fold': [0.9591376334428787, 0.9607622623443604, 0.9587895274162292], 'grid_search_time_sec': 6288.2654, 'final_training_time_sec': 565.3432, 'total_execution_time_sec': 6853.6086000000005}
