2026-07-23 07:38:01,227 - INFO - {'tensorflow': '2.15.1', 'sklearn': '1.8.0', 'python': '3.11.15', 'platform': 'Linux-5.15.153.1-microsoft-standard-WSL2-x86_64-with-glibc2.39'}
2026-07-23 07:38:01,227 - INFO - Loading datasets
2026-07-23 07:38:01,435 - INFO - Loading lift + top-k rules
2026-07-23 07:38:01,435 - INFO - [0] lift >= 1.0
2026-07-23 07:38:01,435 - INFO - [0] top-k = 368
2026-07-23 07:38:01,588 - INFO - [0] loaded rules: 1126
2026-07-23 07:38:01,588 - INFO - [0] rules after lift: 368
2026-07-23 07:38:01,588 - INFO - [0] top-k selected: 368
2026-07-23 07:38:01,588 - INFO - [0] kept rules: 368
2026-07-23 07:38:01,588 - INFO - [1] lift >= 1.0
2026-07-23 07:38:01,588 - INFO - [1] top-k = 195
2026-07-23 07:38:01,797 - INFO - [1] loaded rules: 1955
2026-07-23 07:38:01,797 - INFO - [1] rules after lift: 195
2026-07-23 07:38:01,797 - INFO - [1] top-k selected: 195
2026-07-23 07:38:01,797 - INFO - [1] kept rules: 195
2026-07-23 07:38:01,797 - INFO - TOTAL RULES: 563
2026-07-23 07:38:01,797 - INFO - Total merged rules: 563
2026-07-23 07:38:02,327 - INFO - Starting grid search
2026-07-23 12:35:00,873 - INFO - Grid search completed
2026-07-23 12:35:00,873 - INFO - Best params: {'lr': 0.001, 'dropout': 0.0, 'units': [256, 256, 256], 'trainable_embeddings': False, 'embedding_size': 4, 'num_embedding_columns': 158, 'category_max_one_hot_size': 7, 'category_embedding_size': 8, 'batch_size': 128}
2026-07-23 12:35:00,873 - INFO - Starting final training
2026-07-23 13:00:19,832 - INFO - Training completed
2026-07-23 13:00:20,142 - INFO - Total execution time: 19337.50 seconds
2026-07-23 13:00:20,142 - INFO - {'lr': 0.001, 'dropout': 0.0, 'units': [256, 256, 256], 'trainable_embeddings': False, 'embedding_size': 4, 'num_embedding_columns': 158, 'category_max_one_hot_size': 7, 'category_embedding_size': 8, 'batch_size': 128}
2026-07-23 13:00:20,142 - INFO - {'cv_mean_score': 0.9520327389240265, 'cv_std_score': 0.0013634027794305068, 'scores_per_fold': [0.9537994682788848, 0.9504805684089661, 0.9518181800842285], 'grid_search_time_sec': 17818.5454, 'final_training_time_sec': 1518.9585, 'total_execution_time_sec': 19337.5039}
