2026-09-04 12:31:42,555 - INFO - {'tensorflow': '2.15.1', 'sklearn': '1.8.0', 'python': '3.11.15', 'platform': 'Linux-5.15.153.1-microsoft-standard-WSL2-x86_64-with-glibc2.39'}
2026-09-04 12:31:42,555 - INFO - Results directory: results/NPHA/Split_Lift_Accuracy/run_2026_09_04_12_31_42
2026-09-04 12:31:42,555 - INFO - Loading datasets
2026-09-04 12:31:42,566 - INFO - Loading split lift-accuracyrules
2026-09-04 12:31:42,567 - INFO - [1] lift >= 1.18
2026-09-04 12:31:42,567 - INFO - [1] accuracy >= 0.71
2026-09-04 12:31:43,112 - INFO - [1] loaded rules: 14623
2026-09-04 12:31:43,113 - INFO - [1] rules after lift: 1467
2026-09-04 12:31:43,113 - INFO - [1] rules after accuracy: 27
2026-09-04 12:31:43,113 - INFO - [2] lift >= 1.28
2026-09-04 12:31:43,113 - INFO - [2] accuracy >= 0.53
2026-09-04 12:31:43,509 - INFO - [2] loaded rules: 12158
2026-09-04 12:31:43,509 - INFO - [2] rules after lift: 459
2026-09-04 12:31:43,509 - INFO - [2] rules after accuracy: 0
2026-09-04 12:31:43,509 - INFO - [3] lift >= 1.27
2026-09-04 12:31:43,509 - INFO - [3] accuracy >= 0.62
2026-09-04 12:31:43,666 - INFO - [3] loaded rules: 9728
2026-09-04 12:31:43,666 - INFO - [3] rules after lift: 366
2026-09-04 12:31:43,666 - INFO - [3] rules after accuracy: 18
2026-09-04 12:31:43,667 - INFO - TOTAL RULES: 45
2026-09-04 12:31:43,668 - INFO - Total merged rules: 45
2026-09-04 12:31:43,749 - INFO - Starting grid search
2026-09-04 12:50:46,909 - INFO - Grid search completed
2026-09-04 12:50:46,910 - INFO - Best params: {'lr': 0.001, 'dropout': 0.0, 'units': [128, 128, 128], 'trainable_embeddings': False, 'embedding_size': 8, 'num_embedding_columns': 52, 'category_max_one_hot_size': 7, 'category_embedding_size': 4, 'batch_size': 128}
2026-09-04 12:50:46,910 - INFO - Starting final training
2026-09-04 12:50:57,959 - INFO - Training completed
2026-09-04 12:50:58,127 - INFO - Total execution time: 1154.21 seconds
2026-09-04 12:50:58,127 - INFO - {'lr': 0.001, 'dropout': 0.0, 'units': [128, 128, 128], 'trainable_embeddings': False, 'embedding_size': 8, 'num_embedding_columns': 52, 'category_max_one_hot_size': 7, 'category_embedding_size': 4, 'batch_size': 128}
2026-09-04 12:50:58,127 - INFO - {'cv_mean_score': 0.6774150530497233, 'cv_std_score': 0.013857928310895896, 'scores_per_fold': [0.6807340383529663, 0.6590282917022705, 0.6924828290939331], 'grid_search_time_sec': 1143.1603, 'final_training_time_sec': 11.0497, 'total_execution_time_sec': 1154.21}
