2026-06-29 09:56:01,893 - INFO - {'tensorflow': '2.15.1', 'sklearn': '1.8.0', 'python': '3.11.15', 'platform': 'Linux-5.15.153.1-microsoft-standard-WSL2-x86_64-with-glibc2.39'}
2026-06-29 09:56:01,893 - INFO - Loading datasets
2026-06-29 09:56:02,065 - INFO - Loading lift + accuracy rules
2026-06-29 09:56:02,065 - INFO - [0] lift >= 1.16
2026-06-29 09:56:02,065 - INFO - [0] accuracy >= 0.72
2026-06-29 09:56:02,075 - INFO - [0] loaded rules: 47
2026-06-29 09:56:02,075 - INFO - [0] rules after lift: 14
2026-06-29 09:56:02,075 - INFO - [0] rules after accuracy: 14
2026-06-29 09:56:02,075 - INFO - [1] lift >= 1.23
2026-06-29 09:56:02,075 - INFO - [1] accuracy >= 0.5
2026-06-29 09:56:02,078 - INFO - [1] loaded rules: 30
2026-06-29 09:56:02,079 - INFO - [1] rules after lift: 3
2026-06-29 09:56:02,079 - INFO - [1] rules after accuracy: 0
2026-06-29 09:56:02,079 - INFO - TOTAL RULES: 14
2026-06-29 09:56:02,079 - INFO - Total merged rules: 14
2026-06-29 09:56:02,140 - INFO - Starting grid search
2026-06-29 14:58:20,819 - INFO - Grid search completed
2026-06-29 14:58:20,820 - INFO - Best params: {'lr': 0.001, 'dropout': 0.0, 'units': [128, 128, 128], 'trainable_embeddings': False, 'embedding_size': 8, 'num_embedding_columns': 47, 'category_max_one_hot_size': 7, 'category_embedding_size': 4, 'batch_size': 128}
2026-06-29 14:58:20,821 - INFO - Starting final training
2026-06-29 15:29:31,100 - INFO - Training completed
2026-06-29 15:29:31,559 - INFO - Total execution time: 20008.96 seconds
2026-06-29 15:29:31,559 - INFO - {'lr': 0.001, 'dropout': 0.0, 'units': [128, 128, 128], 'trainable_embeddings': False, 'embedding_size': 8, 'num_embedding_columns': 47, 'category_max_one_hot_size': 7, 'category_embedding_size': 4, 'batch_size': 128}
2026-06-29 15:29:31,559 - INFO - {'cv_mean_score': 0.8006084272355745, 'cv_std_score': 0.010664850876643144, 'scores_per_fold': [0.7868738282810558, 0.8020785830237649, 0.8128728704019026], 'grid_search_time_sec': 18138.679, 'final_training_time_sec': 1870.2791, 'total_execution_time_sec': 20008.9581}
