2026-06-28 23:00:45,857 - INFO - {'tensorflow': '2.15.1', 'sklearn': '1.8.0', 'python': '3.11.15', 'platform': 'Linux-5.15.153.1-microsoft-standard-WSL2-x86_64-with-glibc2.39'}
2026-06-28 23:00:45,857 - INFO - Loading datasets
2026-06-28 23:00:46,116 - INFO - Loading split top-k rules
2026-06-28 23:00:46,116 - INFO - [0] loading rules @ accuracy >= 0.62
2026-06-28 23:00:46,410 - INFO - [0] total rules: 368
2026-06-28 23:00:46,411 - INFO - [0] top-k selected: 368
2026-06-28 23:00:46,411 - INFO - [0] kept rules: 368
2026-06-28 23:00:46,411 - INFO - [1] loading rules @ accuracy >= 0.56
2026-06-28 23:00:46,904 - INFO - [1] total rules: 195
2026-06-28 23:00:46,904 - INFO - [1] top-k selected: 195
2026-06-28 23:00:46,904 - INFO - [1] kept rules: 195
2026-06-28 23:00:46,904 - INFO - TOTAL RULES: 563
2026-06-28 23:00:46,904 - INFO - Total merged rules: 563
2026-06-28 23:00:48,310 - INFO - Starting grid search
2026-06-29 03:14:58,809 - INFO - Grid search completed
2026-06-29 03:14:58,809 - INFO - Best params: {'lr': 0.001, 'dropout': 0.1, 'units': [256, 256, 256], 'trainable_embeddings': False, 'embedding_size': 4, 'num_embedding_columns': 158, 'category_max_one_hot_size': 7, 'category_embedding_size': 8, 'batch_size': 128}
2026-06-29 03:14:58,809 - INFO - Starting final training
2026-06-29 03:40:35,348 - INFO - Training completed
2026-06-29 03:40:35,554 - INFO - Total execution time: 16787.04 seconds
2026-06-29 03:40:35,554 - INFO - {'lr': 0.001, 'dropout': 0.1, 'units': [256, 256, 256], 'trainable_embeddings': False, 'embedding_size': 4, 'num_embedding_columns': 158, 'category_max_one_hot_size': 7, 'category_embedding_size': 8, 'batch_size': 128}
2026-06-29 03:40:35,554 - INFO - {'cv_mean_score': 0.9378895739714305, 'cv_std_score': 0.008137444425163485, 'scores_per_fold': [0.944049847126007, 0.9263912856578826, 0.9432275891304016], 'grid_search_time_sec': 15250.4987, 'final_training_time_sec': 1536.5386, 'total_execution_time_sec': 16787.0373}
