2026-06-29 19:40:39,888 - INFO - {'tensorflow': '2.15.1', 'sklearn': '1.8.0', 'python': '3.11.15', 'platform': 'Linux-5.15.153.1-microsoft-standard-WSL2-x86_64-with-glibc2.39'}
2026-06-29 19:40:39,888 - INFO - Loading datasets
2026-06-29 19:40:40,372 - INFO - Loading lift + accuracy rules
2026-06-29 19:40:40,372 - INFO - [0] lift >= 1.0
2026-06-29 19:40:40,372 - INFO - [0] accuracy >= 0.62
2026-06-29 19:40:40,505 - INFO - [0] loaded rules: 1126
2026-06-29 19:40:40,505 - INFO - [0] rules after lift: 531
2026-06-29 19:40:40,505 - INFO - [0] rules after accuracy: 223
2026-06-29 19:40:40,505 - INFO - [1] lift >= 1.0
2026-06-29 19:40:40,505 - INFO - [1] accuracy >= 0.56
2026-06-29 19:40:40,747 - INFO - [1] loaded rules: 1955
2026-06-29 19:40:40,748 - INFO - [1] rules after lift: 919
2026-06-29 19:40:40,748 - INFO - [1] rules after accuracy: 200
2026-06-29 19:40:40,748 - INFO - TOTAL RULES: 423
2026-06-29 19:40:40,749 - INFO - Total merged rules: 423
2026-06-29 19:40:40,925 - INFO - Starting grid search
2026-06-29 23:51:00,100 - INFO - Grid search completed
2026-06-29 23:51:00,100 - INFO - Best params: {'lr': 0.0003, 'dropout': 0.1, 'units': [64, 64, 64], 'trainable_embeddings': True, 'embedding_size': 8, 'num_embedding_columns': 158, 'category_max_one_hot_size': 7, 'category_embedding_size': 8, 'batch_size': 128}
2026-06-29 23:51:00,100 - INFO - Starting final training
2026-06-30 00:17:14,634 - INFO - Training completed
2026-06-30 00:17:14,856 - INFO - Total execution time: 16593.71 seconds
2026-06-30 00:17:14,856 - INFO - {'lr': 0.0003, 'dropout': 0.1, 'units': [64, 64, 64], 'trainable_embeddings': True, 'embedding_size': 8, 'num_embedding_columns': 158, 'category_max_one_hot_size': 7, 'category_embedding_size': 8, 'batch_size': 128}
2026-06-30 00:17:14,856 - INFO - {'cv_mean_score': 0.912630291779836, 'cv_std_score': 0.04742503059057705, 'scores_per_fold': [0.9469195365905761, 0.8455668747425079, 0.945404464006424], 'grid_search_time_sec': 15019.1747, 'final_training_time_sec': 1574.5333, 'total_execution_time_sec': 16593.708}
