2026-07-15 15:45:05,924 - INFO - {'tensorflow': '2.15.1', 'sklearn': '1.8.0', 'python': '3.11.15', 'platform': 'Linux-6.6.87.2-microsoft-standard-WSL2-x86_64-with-glibc2.39'}
2026-07-15 15:45:05,924 - INFO - Loading datasets
2026-07-15 15:45:06,182 - INFO - Loading lift + top-k rules
2026-07-15 15:45:06,182 - INFO - [No] lift >= 1.07
2026-07-15 15:45:06,182 - INFO - [No] top-k = 166
2026-07-15 15:45:06,221 - INFO - [No] loaded rules: 448
2026-07-15 15:45:06,222 - INFO - [No] rules after lift: 101
2026-07-15 15:45:06,222 - INFO - [No] top-k selected: 101
2026-07-15 15:45:06,222 - INFO - [No] kept rules: 101
2026-07-15 15:45:06,222 - INFO - [Yes] lift >= 1.24
2026-07-15 15:45:06,222 - INFO - [Yes] top-k = 67
2026-07-15 15:45:06,237 - INFO - [Yes] loaded rules: 669
2026-07-15 15:45:06,237 - INFO - [Yes] rules after lift: 36
2026-07-15 15:45:06,237 - INFO - [Yes] top-k selected: 36
2026-07-15 15:45:06,237 - INFO - [Yes] kept rules: 36
2026-07-15 15:45:06,237 - INFO - TOTAL RULES: 137
2026-07-15 15:45:06,237 - INFO - Total merged rules: 137
2026-07-15 15:45:07,775 - INFO - Starting grid search
2026-07-16 00:42:29,752 - INFO - Grid search completed
2026-07-16 00:42:29,753 - INFO - Best params: {'lr': 0.001, 'dropout': 0.1, 'units': [128, 128, 128], 'trainable_embeddings': False, 'embedding_size': 4, 'num_embedding_columns': 112, 'category_max_one_hot_size': 7, 'category_embedding_size': 8, 'batch_size': 128}
2026-07-16 00:42:29,753 - INFO - Starting final training
2026-07-16 01:38:19,770 - INFO - Training completed
2026-07-16 01:38:20,019 - INFO - Total execution time: 35591.99 seconds
2026-07-16 01:38:20,019 - INFO - {'lr': 0.001, 'dropout': 0.1, 'units': [128, 128, 128], 'trainable_embeddings': False, 'embedding_size': 4, 'num_embedding_columns': 112, 'category_max_one_hot_size': 7, 'category_embedding_size': 8, 'batch_size': 128}
2026-07-16 01:38:20,019 - INFO - {'cv_mean_score': 0.963470897253822, 'cv_std_score': 0.0017348939933671964, 'scores_per_fold': [0.9621656326686635, 0.962324363343856, 0.9659226957489463], 'grid_search_time_sec': 32241.977, 'final_training_time_sec': 3350.0178, 'total_execution_time_sec': 35591.9948}
